Archive member included to satisfy reference by file (symbol)

/home/f4bjh/Microchip/SoftConsole-v2021.3-7.0.0.599/arm-none-eabi-gcc/bin/../lib/gcc/arm-none-eabi/10.3.1/../../../../arm-none-eabi/lib/thumb/v7-m/nofp/libg_nano.a(lib_a-errno.o)
                              ./firmware/CMSIS/startup_gcc/newlib_stubs.o (__errno)
/home/f4bjh/Microchip/SoftConsole-v2021.3-7.0.0.599/arm-none-eabi-gcc/bin/../lib/gcc/arm-none-eabi/10.3.1/../../../../arm-none-eabi/lib/thumb/v7-m/nofp/libg_nano.a(lib_a-exit.o)
                              /home/f4bjh/Microchip/SoftConsole-v2021.3-7.0.0.599/arm-none-eabi-gcc/bin/../lib/gcc/arm-none-eabi/10.3.1/../../../../arm-none-eabi/lib/thumb/v7-m/nofp/crt0.o (exit)
/home/f4bjh/Microchip/SoftConsole-v2021.3-7.0.0.599/arm-none-eabi-gcc/bin/../lib/gcc/arm-none-eabi/10.3.1/../../../../arm-none-eabi/lib/thumb/v7-m/nofp/libg_nano.a(lib_a-impure.o)
                              /home/f4bjh/Microchip/SoftConsole-v2021.3-7.0.0.599/arm-none-eabi-gcc/bin/../lib/gcc/arm-none-eabi/10.3.1/../../../../arm-none-eabi/lib/thumb/v7-m/nofp/libg_nano.a(lib_a-exit.o) (_global_impure_ptr)
/home/f4bjh/Microchip/SoftConsole-v2021.3-7.0.0.599/arm-none-eabi-gcc/bin/../lib/gcc/arm-none-eabi/10.3.1/../../../../arm-none-eabi/lib/thumb/v7-m/nofp/libg_nano.a(lib_a-init.o)
                              /home/f4bjh/Microchip/SoftConsole-v2021.3-7.0.0.599/arm-none-eabi-gcc/bin/../lib/gcc/arm-none-eabi/10.3.1/../../../../arm-none-eabi/lib/thumb/v7-m/nofp/crt0.o (__libc_init_array)
/home/f4bjh/Microchip/SoftConsole-v2021.3-7.0.0.599/arm-none-eabi-gcc/bin/../lib/gcc/arm-none-eabi/10.3.1/../../../../arm-none-eabi/lib/thumb/v7-m/nofp/libg_nano.a(lib_a-memcpy-stub.o)
                              ./firmware/drivers/mss_sys_services/mss_sys_services.o (memcpy)
/home/f4bjh/Microchip/SoftConsole-v2021.3-7.0.0.599/arm-none-eabi-gcc/bin/../lib/gcc/arm-none-eabi/10.3.1/../../../../arm-none-eabi/lib/thumb/v7-m/nofp/libg_nano.a(lib_a-memset.o)
                              /home/f4bjh/Microchip/SoftConsole-v2021.3-7.0.0.599/arm-none-eabi-gcc/bin/../lib/gcc/arm-none-eabi/10.3.1/../../../../arm-none-eabi/lib/thumb/v7-m/nofp/crt0.o (memset)

Discarded input sections

 .text          0x0000000000000000        0x0 /home/f4bjh/Microchip/SoftConsole-v2021.3-7.0.0.599/arm-none-eabi-gcc/bin/../lib/gcc/arm-none-eabi/10.3.1/thumb/v7-m/nofp/crti.o
 .data          0x0000000000000000        0x0 /home/f4bjh/Microchip/SoftConsole-v2021.3-7.0.0.599/arm-none-eabi-gcc/bin/../lib/gcc/arm-none-eabi/10.3.1/thumb/v7-m/nofp/crti.o
 .bss           0x0000000000000000        0x0 /home/f4bjh/Microchip/SoftConsole-v2021.3-7.0.0.599/arm-none-eabi-gcc/bin/../lib/gcc/arm-none-eabi/10.3.1/thumb/v7-m/nofp/crti.o
 .text          0x0000000000000000        0x0 /home/f4bjh/Microchip/SoftConsole-v2021.3-7.0.0.599/arm-none-eabi-gcc/bin/../lib/gcc/arm-none-eabi/10.3.1/thumb/v7-m/nofp/crtbegin.o
 .data          0x0000000000000000        0x0 /home/f4bjh/Microchip/SoftConsole-v2021.3-7.0.0.599/arm-none-eabi-gcc/bin/../lib/gcc/arm-none-eabi/10.3.1/thumb/v7-m/nofp/crtbegin.o
 .bss           0x0000000000000000        0x0 /home/f4bjh/Microchip/SoftConsole-v2021.3-7.0.0.599/arm-none-eabi-gcc/bin/../lib/gcc/arm-none-eabi/10.3.1/thumb/v7-m/nofp/crtbegin.o
 .rodata.all_implied_fbits
                0x0000000000000000       0x24 /home/f4bjh/Microchip/SoftConsole-v2021.3-7.0.0.599/arm-none-eabi-gcc/bin/../lib/gcc/arm-none-eabi/10.3.1/thumb/v7-m/nofp/crtbegin.o
 .data.__dso_handle
                0x0000000000000000        0x4 /home/f4bjh/Microchip/SoftConsole-v2021.3-7.0.0.599/arm-none-eabi-gcc/bin/../lib/gcc/arm-none-eabi/10.3.1/thumb/v7-m/nofp/crtbegin.o
 .text          0x0000000000000000       0x7c /home/f4bjh/Microchip/SoftConsole-v2021.3-7.0.0.599/arm-none-eabi-gcc/bin/../lib/gcc/arm-none-eabi/10.3.1/../../../../arm-none-eabi/lib/thumb/v7-m/nofp/crt0.o
 .data          0x0000000000000000        0x0 /home/f4bjh/Microchip/SoftConsole-v2021.3-7.0.0.599/arm-none-eabi-gcc/bin/../lib/gcc/arm-none-eabi/10.3.1/../../../../arm-none-eabi/lib/thumb/v7-m/nofp/crt0.o
 .bss           0x0000000000000000        0x0 /home/f4bjh/Microchip/SoftConsole-v2021.3-7.0.0.599/arm-none-eabi-gcc/bin/../lib/gcc/arm-none-eabi/10.3.1/../../../../arm-none-eabi/lib/thumb/v7-m/nofp/crt0.o
 .ARM.extab     0x0000000000000000        0x0 /home/f4bjh/Microchip/SoftConsole-v2021.3-7.0.0.599/arm-none-eabi-gcc/bin/../lib/gcc/arm-none-eabi/10.3.1/../../../../arm-none-eabi/lib/thumb/v7-m/nofp/crt0.o
 .ARM.exidx     0x0000000000000000       0x10 /home/f4bjh/Microchip/SoftConsole-v2021.3-7.0.0.599/arm-none-eabi-gcc/bin/../lib/gcc/arm-none-eabi/10.3.1/../../../../arm-none-eabi/lib/thumb/v7-m/nofp/crt0.o
 .text          0x0000000000000000        0xe ./firmware/hal/CortexM3/GNU/hal.o
 .data          0x0000000000000000        0x0 ./firmware/hal/CortexM3/GNU/hal.o
 .bss           0x0000000000000000        0x0 ./firmware/hal/CortexM3/GNU/hal.o
 .debug_line    0x0000000000000000       0x56 ./firmware/hal/CortexM3/GNU/hal.o
[...]
Memory Configuration

Name             Origin             Length             Attributes
ram              0x0000000020000000 0x0000000000010000 xrw
*default*        0x0000000000000000 0xffffffffffffffff

Linker script and memory map

LOAD /home/f4bjh/Microchip/SoftConsole-v2021.3-7.0.0.599/arm-none-eabi-gcc/bin/../lib/gcc/arm-none-eabi/10.3.1/thumb/v7-m/nofp/crti.o
LOAD /home/f4bjh/Microchip/SoftConsole-v2021.3-7.0.0.599/arm-none-eabi-gcc/bin/../lib/gcc/arm-none-eabi/10.3.1/thumb/v7-m/nofp/crtbegin.o
LOAD /home/f4bjh/Microchip/SoftConsole-v2021.3-7.0.0.599/arm-none-eabi-gcc/bin/../lib/gcc/arm-none-eabi/10.3.1/../../../../arm-none-eabi/lib/thumb/v7-m/nofp/crt0.o
LOAD ./firmware/hal/CortexM3/GNU/hal.o
LOAD ./firmware/hal/CortexM3/GNU/hw_reg_access.o
LOAD ./firmware/hal/CortexM3/cortex_nvic.o
LOAD ./firmware/drivers_config/sys_config/sys_config.o
LOAD ./firmware/drivers/mss_sys_services/mss_comblk.o
LOAD ./firmware/drivers/mss_sys_services/mss_sys_services.o
LOAD ./firmware/drivers/mss_nvm/mss_nvm.o
LOAD ./firmware/drivers/mss_hpdma/mss_hpdma.o
LOAD ./firmware/drivers/mss_gpio/mss_gpio.o
LOAD ./firmware/CMSIS/startup_gcc/newlib_stubs.o
LOAD ./firmware/CMSIS/startup_gcc/startup_m2sxxx.o
LOAD ./firmware/CMSIS/system_m2sxxx.o
LOAD ./main.o
START GROUP
LOAD /home/f4bjh/Microchip/SoftConsole-v2021.3-7.0.0.599/arm-none-eabi-gcc/bin/../lib/gcc/arm-none-eabi/10.3.1/thumb/v7-m/nofp/libgcc.a
LOAD /home/f4bjh/Microchip/SoftConsole-v2021.3-7.0.0.599/arm-none-eabi-gcc/bin/../lib/gcc/arm-none-eabi/10.3.1/../../../../arm-none-eabi/lib/thumb/v7-m/nofp/libg_nano.a
LOAD /home/f4bjh/Microchip/SoftConsole-v2021.3-7.0.0.599/arm-none-eabi-gcc/bin/../lib/gcc/arm-none-eabi/10.3.1/../../../../arm-none-eabi/lib/thumb/v7-m/nofp/libc_nano.a
END GROUP
START GROUP
LOAD /home/f4bjh/Microchip/SoftConsole-v2021.3-7.0.0.599/arm-none-eabi-gcc/bin/../lib/gcc/arm-none-eabi/10.3.1/thumb/v7-m/nofp/libgcc.a
LOAD /home/f4bjh/Microchip/SoftConsole-v2021.3-7.0.0.599/arm-none-eabi-gcc/bin/../lib/gcc/arm-none-eabi/10.3.1/../../../../arm-none-eabi/lib/thumb/v7-m/nofp/libc_nano.a
END GROUP
LOAD /home/f4bjh/Microchip/SoftConsole-v2021.3-7.0.0.599/arm-none-eabi-gcc/bin/../lib/gcc/arm-none-eabi/10.3.1/thumb/v7-m/nofp/crtend.o
LOAD /home/f4bjh/Microchip/SoftConsole-v2021.3-7.0.0.599/arm-none-eabi-gcc/bin/../lib/gcc/arm-none-eabi/10.3.1/thumb/v7-m/nofp/crtn.o
START GROUP
LOAD /home/f4bjh/Microchip/SoftConsole-v2021.3-7.0.0.599/arm-none-eabi-gcc/bin/../lib/gcc/arm-none-eabi/10.3.1/../../../../arm-none-eabi/lib/thumb/v7-m/nofp/libc.a
LOAD /home/f4bjh/Microchip/SoftConsole-v2021.3-7.0.0.599/arm-none-eabi-gcc/bin/../lib/gcc/arm-none-eabi/10.3.1/thumb/v7-m/nofp/libgcc.a
LOAD /home/f4bjh/Microchip/SoftConsole-v2021.3-7.0.0.599/arm-none-eabi-gcc/bin/../lib/gcc/arm-none-eabi/10.3.1/../../../../arm-none-eabi/lib/thumb/v7-m/nofp/libm.a
END GROUP
                0x0000000000000000                __DYNAMIC = 0x0
                0x0000000020000000                RAM_START_ADDRESS = 0x20000000
                0x0000000000010000                RAM_SIZE = 0x10000
                0x0000000000001000                MAIN_STACK_SIZE = 0x1000
                0x0000000000001000                MIN_SIZE_HEAP = 0x1000
                0x0000000020010000                PROVIDE (__main_stack_start = (RAM_START_ADDRESS + RAM_SIZE))
                0x0000000020010000                PROVIDE (_estack = __main_stack_start)
                0x0000000000000000                PROVIDE (__mirrored_nvm = 0x0)
                0x0000000000000000                PROVIDE (__smartfusion2_memory_remap = 0x0)

.vector_table   0x0000000020000000      0x190
                0x0000000020000000                __vector_table_load = LOADADDR (.vector_table)
                0x0000000020000000                __vector_table_start = .
                0x0000000020000000                __vector_table_vma_base_address = .
 *(.isr_vector)
 .isr_vector    0x0000000020000000      0x190 ./firmware/CMSIS/startup_gcc/startup_m2sxxx.o
                0x0000000020000000                g_pfnVectors
                0x0000000020000190                . = ALIGN (0x10)
                0x0000000020000190                _evector_table = .

.boot_code      0x0000000020000190      0x320
 *(.boot_code)
 .boot_code     0x0000000020000190      0x31c ./firmware/CMSIS/startup_gcc/startup_m2sxxx.o
                0x0000000020000190                Reset_Handler
                0x000000002000037e                NMI_Handler
                0x0000000020000380                HardFault_Handler
                0x0000000020000382                MemManage_Handler
                0x0000000020000384                BusFault_Handler
                0x0000000020000386                UsageFault_Handler
                0x0000000020000388                SVC_Handler
                0x000000002000038a                DebugMon_Handler
                0x000000002000038c                PendSV_Handler
                0x000000002000038e                SysTick_Handler
                0x0000000020000390                WdogWakeup_IRQHandler
                0x0000000020000392                RTC_Wakeup_IRQHandler
                0x0000000020000394                SPI0_IRQHandler
                0x0000000020000396                SPI1_IRQHandler
                0x0000000020000398                I2C0_IRQHandler
                0x000000002000039a                I2C0_SMBAlert_IRQHandler
                0x000000002000039c                I2C0_SMBus_IRQHandler
                0x000000002000039e                I2C1_IRQHandler
                0x00000000200003a0                I2C1_SMBAlert_IRQHandler
                0x00000000200003a2                I2C1_SMBus_IRQHandler
                0x00000000200003a4                UART0_IRQHandler
                0x00000000200003a6                UART1_IRQHandler
                0x00000000200003a8                EthernetMAC_IRQHandler
                0x00000000200003aa                DMA_IRQHandler
                0x00000000200003ac                Timer1_IRQHandler
                0x00000000200003ae                Timer2_IRQHandler
                0x00000000200003b0                CAN_IRQHandler
                0x00000000200003b2                ENVM0_IRQHandler
                0x00000000200003b4                ENVM1_IRQHandler
                0x00000000200003b8                USB_IRQHandler
                0x00000000200003ba                USB_DMA_IRQHandler
                0x00000000200003bc                PLL_Lock_IRQHandler
                0x00000000200003be                PLL_LockLost_IRQHandler
                0x00000000200003c0                CommSwitchError_IRQHandler
                0x00000000200003c2                CacheError_IRQHandler
                0x00000000200003c4                DDR_IRQHandler
                0x00000000200003ca                ECC_Error_IRQHandler
                0x00000000200003cc                MDDR_IOCalib_IRQHandler
                0x00000000200003ce                FAB_PLL_Lock_IRQHandler
                0x00000000200003d0                FAB_PLL_LockLost_IRQHandler
                0x00000000200003d2                FIC64_IRQHandler
                0x00000000200003d4                FabricIrq0_IRQHandler
                0x00000000200003d6                FabricIrq1_IRQHandler
                0x00000000200003d8                FabricIrq2_IRQHandler
                0x00000000200003da                FabricIrq3_IRQHandler
                0x00000000200003dc                FabricIrq4_IRQHandler
                0x00000000200003de                FabricIrq5_IRQHandler
                0x00000000200003e0                FabricIrq6_IRQHandler
                0x00000000200003e2                FabricIrq7_IRQHandler
                0x00000000200003e4                FabricIrq8_IRQHandler
                0x00000000200003e6                FabricIrq9_IRQHandler
                0x00000000200003e8                FabricIrq10_IRQHandler
                0x00000000200003ea                FabricIrq11_IRQHandler
                0x00000000200003ec                FabricIrq12_IRQHandler
                0x00000000200003ee                FabricIrq13_IRQHandler
                0x00000000200003f0                FabricIrq14_IRQHandler
                0x00000000200003f2                FabricIrq15_IRQHandler
                0x00000000200003f4                GPIO0_IRQHandler
                0x00000000200003f6                GPIO1_IRQHandler
                0x00000000200003f8                GPIO2_IRQHandler
                0x00000000200003fa                GPIO3_IRQHandler
                0x00000000200003fc                GPIO4_IRQHandler
                0x00000000200003fe                GPIO5_IRQHandler
                0x0000000020000400                GPIO6_IRQHandler
                0x0000000020000402                GPIO7_IRQHandler
                0x0000000020000404                GPIO8_IRQHandler
                0x0000000020000406                GPIO9_IRQHandler
                0x0000000020000408                GPIO10_IRQHandler
                0x000000002000040a                GPIO11_IRQHandler
                0x000000002000040c                GPIO12_IRQHandler
                0x000000002000040e                GPIO13_IRQHandler
                0x0000000020000410                GPIO14_IRQHandler
                0x0000000020000412                GPIO15_IRQHandler
                0x0000000020000414                GPIO16_IRQHandler
                0x0000000020000416                GPIO17_IRQHandler
                0x0000000020000418                GPIO18_IRQHandler
                0x000000002000041a                GPIO19_IRQHandler
                0x000000002000041c                GPIO20_IRQHandler
                0x000000002000041e                GPIO21_IRQHandler
                0x0000000020000420                GPIO22_IRQHandler
                0x0000000020000422                GPIO23_IRQHandler
                0x0000000020000424                GPIO24_IRQHandler
                0x0000000020000426                GPIO25_IRQHandler
                0x0000000020000428                GPIO26_IRQHandler
                0x000000002000042a                GPIO27_IRQHandler
                0x000000002000042c                GPIO28_IRQHandler
                0x000000002000042e                GPIO29_IRQHandler
                0x0000000020000430                GPIO30_IRQHandler
                0x0000000020000432                GPIO31_IRQHandler
                0x0000000020000434                mscc_post_hw_cfg_init
                0x00000000200004b0                . = ALIGN (0x10)
 *fill*         0x00000000200004ac        0x4 

.text           0x00000000200004b0      0xd40
 CREATE_OBJECT_SYMBOLS
                0x00000000200004b0                __text_load = LOADADDR (.text)
                0x00000000200004b0                __text_start = .
 *(.text .text.* .gnu.linkonce.t.*)
 .text.__do_global_dtors_aux
                0x00000000200004b0       0x24 /home/f4bjh/Microchip/SoftConsole-v2021.3-7.0.0.599/arm-none-eabi-gcc/bin/../lib/gcc/arm-none-eabi/10.3.1/thumb/v7-m/nofp/crtbegin.o
 .text.frame_dummy
                0x00000000200004d4       0x1c /home/f4bjh/Microchip/SoftConsole-v2021.3-7.0.0.599/arm-none-eabi-gcc/bin/../lib/gcc/arm-none-eabi/10.3.1/thumb/v7-m/nofp/crtbegin.o
 .text.ComBlk_IRQHandler
                0x00000000200004f0       0x48 ./firmware/drivers/mss_sys_services/mss_comblk.o
                0x00000000200004f0                ComBlk_IRQHandler
 .text.handle_tx_okay_irq
                0x0000000020000538      0x1b0 ./firmware/drivers/mss_sys_services/mss_comblk.o
 .text.handle_rx_okay_irq
                0x00000000200006e8      0x210 ./firmware/drivers/mss_sys_services/mss_comblk.o
 .text.complete_request
                0x00000000200008f8       0x40 ./firmware/drivers/mss_sys_services/mss_comblk.o
 .text.abort_current_cmd
                0x0000000020000938       0x4c ./firmware/drivers/mss_sys_services/mss_comblk.o
 .text.fill_tx_fifo
                0x0000000020000984       0x60 ./firmware/drivers/mss_sys_services/mss_comblk.o
 .text.process_sys_ctrl_command
                0x00000000200009e4       0x28 ./firmware/drivers/mss_sys_services/mss_comblk.o
 .text.start_transfer
                0x0000000020000a0c      0x154 ./firmware/drivers/mss_hpdma/mss_hpdma.o
 .text.HPDMA_Complete_IRQHandler
                0x0000000020000b60       0xf8 ./firmware/drivers/mss_hpdma/mss_hpdma.o
                0x0000000020000b60                HPDMA_Complete_IRQHandler
 .text.HPDMA_Error_IRQHandler
                0x0000000020000c58      0x104 ./firmware/drivers/mss_hpdma/mss_hpdma.o
                0x0000000020000c58                HPDMA_Error_IRQHandler
 .text.NVIC_DisableIRQ
                0x0000000020000d5c       0x34 ./firmware/drivers/mss_gpio/mss_gpio.o
 .text.NVIC_ClearPendingIRQ
                0x0000000020000d90       0x34 ./firmware/drivers/mss_gpio/mss_gpio.o
 .text.MSS_GPIO_init
                0x0000000020000dc4       0x78 ./firmware/drivers/mss_gpio/mss_gpio.o
                0x0000000020000dc4                MSS_GPIO_init
 .text.MSS_GPIO_config
                0x0000000020000e3c       0x38 ./firmware/drivers/mss_gpio/mss_gpio.o
                0x0000000020000e3c                MSS_GPIO_config
 .text.MSS_GPIO_set_output
                0x0000000020000e74       0x64 ./firmware/drivers/mss_gpio/mss_gpio.o
                0x0000000020000e74                MSS_GPIO_set_output
 .text.SystemInit
                0x0000000020000ed8       0x20 ./firmware/CMSIS/system_m2sxxx.o
                0x0000000020000ed8                SystemInit
 .text.get_silicon_revision
                0x0000000020000ef8       0x48 ./firmware/CMSIS/system_m2sxxx.o
 .text.silicon_workarounds
                0x0000000020000f40       0x22 ./firmware/CMSIS/system_m2sxxx.o
 *fill*         0x0000000020000f62        0x2 
 .text.m2s050_rev_a_workarounds
                0x0000000020000f64       0x30 ./firmware/CMSIS/system_m2sxxx.o
 .text.MSS_GPIO_get_outputs
                0x0000000020000f94       0x18 ./main.o
 .text.delay    0x0000000020000fac       0x2c ./main.o
                0x0000000020000fac                delay
 .text.main     0x0000000020000fd8      0x104 ./main.o
                0x0000000020000fd8                main
 .text.__libc_init_array
                0x00000000200010dc       0x48 /home/f4bjh/Microchip/SoftConsole-v2021.3-7.0.0.599/arm-none-eabi-gcc/bin/../lib/gcc/arm-none-eabi/10.3.1/../../../../arm-none-eabi/lib/thumb/v7-m/nofp/libg_nano.a(lib_a-init.o)
                0x00000000200010dc                __libc_init_array
 *(.plt)
 *(.gnu.warning)
 *(.glue_7t)
 .glue_7t       0x0000000020001124        0x0 linker stubs
 *(.glue_7)
 .glue_7        0x0000000020001124        0x0 linker stubs
 *(.vfp11_veneer)
 .vfp11_veneer  0x0000000020001124        0x0 linker stubs
                0x0000000020001124                . = ALIGN (0x4)
 *crtbegin.o(.ctors)
 *(EXCLUDE_FILE(*crtend.o) .ctors)
 *(SORT_BY_NAME(.ctors.*))
 *crtend.o(.ctors)
 *crtbegin.o(.dtors)
 *(EXCLUDE_FILE(*crtend.o) .dtors)
 *(SORT_BY_NAME(.dtors.*))
 *crtend.o(.dtors)
 *(.rodata .rodata.* .gnu.linkonce.r.*)
 .rodata.g_config_reg_lut
                0x0000000020001124       0x80 ./firmware/drivers/mss_gpio/mss_gpio.o
 .rodata.g_gpio_irqn_lut
                0x00000000200011a4       0x20 ./firmware/drivers/mss_gpio/mss_gpio.o
 .rodata.LED    0x00000000200011c4        0x8 ./main.o
 *(.ARM.extab* .gnu.linkonce.armextab.*)
 *(.gcc_except_table)
 *(.eh_frame_hdr)
 *(.eh_frame)
 .eh_frame      0x00000000200011cc        0x0 /home/f4bjh/Microchip/SoftConsole-v2021.3-7.0.0.599/arm-none-eabi-gcc/bin/../lib/gcc/arm-none-eabi/10.3.1/thumb/v7-m/nofp/crtbegin.o
 *(.vector_table)
 *(.init)
 .init          0x00000000200011cc        0x4 /home/f4bjh/Microchip/SoftConsole-v2021.3-7.0.0.599/arm-none-eabi-gcc/bin/../lib/gcc/arm-none-eabi/10.3.1/thumb/v7-m/nofp/crti.o
                0x00000000200011cc                _init
 .init          0x00000000200011d0        0x8 /home/f4bjh/Microchip/SoftConsole-v2021.3-7.0.0.599/arm-none-eabi-gcc/bin/../lib/gcc/arm-none-eabi/10.3.1/thumb/v7-m/nofp/crtn.o
 *(.fini)
 .fini          0x00000000200011d8        0x4 /home/f4bjh/Microchip/SoftConsole-v2021.3-7.0.0.599/arm-none-eabi-gcc/bin/../lib/gcc/arm-none-eabi/10.3.1/thumb/v7-m/nofp/crti.o
                0x00000000200011d8                _fini
 .fini          0x00000000200011dc        0x8 /home/f4bjh/Microchip/SoftConsole-v2021.3-7.0.0.599/arm-none-eabi-gcc/bin/../lib/gcc/arm-none-eabi/10.3.1/thumb/v7-m/nofp/crtn.o
                0x00000000200011e4                PROVIDE (__preinit_array_start = .)
 *(.preinit_array)
                0x00000000200011e4                PROVIDE (__preinit_array_end = .)
                0x00000000200011e4                PROVIDE (__init_array_start = .)
 *(SORT_BY_NAME(.init_array.*))
 *(.init_array)
 .init_array    0x00000000200011e4        0x4 /home/f4bjh/Microchip/SoftConsole-v2021.3-7.0.0.599/arm-none-eabi-gcc/bin/../lib/gcc/arm-none-eabi/10.3.1/thumb/v7-m/nofp/crtbegin.o
                0x00000000200011e8                PROVIDE (__init_array_end = .)
                [!provide]                        PROVIDE (__fini_array_start = .)
 *(.fini_array)
 .fini_array    0x00000000200011e8        0x4 /home/f4bjh/Microchip/SoftConsole-v2021.3-7.0.0.599/arm-none-eabi-gcc/bin/../lib/gcc/arm-none-eabi/10.3.1/thumb/v7-m/nofp/crtbegin.o
 *(SORT_BY_NAME(.fini_array.*))
                [!provide]                        PROVIDE (__fini_array_end = .)
                0x00000000200011f0                . = ALIGN (0x10)
 *fill*         0x00000000200011ec        0x4 
                0x00000000200011f0                __exidx_start = .

.v4_bx          0x00000000200011f0        0x0
 .v4_bx         0x00000000200011f0        0x0 linker stubs

.iplt           0x00000000200011f0        0x0
 .iplt          0x00000000200011f0        0x0 /home/f4bjh/Microchip/SoftConsole-v2021.3-7.0.0.599/arm-none-eabi-gcc/bin/../lib/gcc/arm-none-eabi/10.3.1/thumb/v7-m/nofp/crtbegin.o

.rel.dyn        0x00000000200011f0        0x0
 .rel.iplt      0x00000000200011f0        0x0 /home/f4bjh/Microchip/SoftConsole-v2021.3-7.0.0.599/arm-none-eabi-gcc/bin/../lib/gcc/arm-none-eabi/10.3.1/thumb/v7-m/nofp/crtbegin.o

.ARM.exidx
 *(.ARM.exidx* .gnu.linkonce.armexidx.*)
                0x00000000200011f0                __exidx_end = .
                0x00000000200011f0                _etext = .
                [!provide]                        PROVIDE (__text_end = .)

.data           0x00000000200011f0       0x10
                0x00000000200011f0                __data_load = LOADADDR (.data)
                0x00000000200011f0                _sidata = LOADADDR (.data)
                0x00000000200011f0                __data_start = .
                0x00000000200011f0                _sdata = .
 *(.jcr)
 *(.got.plt)
 *(.got)
 *(.shdata)
 *(.data .data.* .gnu.linkonce.d.*)
 .data.SystemCoreClock
                0x00000000200011f0        0x4 ./firmware/CMSIS/system_m2sxxx.o
                0x00000000200011f0                SystemCoreClock
                0x0000000020001200                . = ALIGN (0x10)
 *fill*         0x00000000200011f4        0xc 
                0x0000000020001200                _edata = .

.igot.plt       0x0000000020001200        0x0
 .igot.plt      0x0000000020001200        0x0 /home/f4bjh/Microchip/SoftConsole-v2021.3-7.0.0.599/arm-none-eabi-gcc/bin/../lib/gcc/arm-none-eabi/10.3.1/thumb/v7-m/nofp/crtbegin.o

.bss            0x0000000020001200       0x70
                0x0000000020001200                __bss_start__ = .
                0x0000000020001200                _sbss = .
 *(.shbss)
 *(.bss .bss.* .gnu.linkonce.b.*)
 .bss.completed.1
                0x0000000020001200        0x1 /home/f4bjh/Microchip/SoftConsole-v2021.3-7.0.0.599/arm-none-eabi-gcc/bin/../lib/gcc/arm-none-eabi/10.3.1/thumb/v7-m/nofp/crtbegin.o
 *fill*         0x0000000020001201        0x3 
 .bss.object.0  0x0000000020001204       0x18 /home/f4bjh/Microchip/SoftConsole-v2021.3-7.0.0.599/arm-none-eabi-gcc/bin/../lib/gcc/arm-none-eabi/10.3.1/thumb/v7-m/nofp/crtbegin.o
 .bss.g_comblk_cmd_opcode
                0x000000002000121c        0x1 ./firmware/drivers/mss_sys_services/mss_comblk.o
 *fill*         0x000000002000121d        0x3 
 .bss.g_comblk_p_cmd
                0x0000000020001220        0x4 ./firmware/drivers/mss_sys_services/mss_comblk.o
 .bss.g_comblk_cmd_size
                0x0000000020001224        0x2 ./firmware/drivers/mss_sys_services/mss_comblk.o
 *fill*         0x0000000020001226        0x2 
 .bss.g_comblk_p_data
                0x0000000020001228        0x4 ./firmware/drivers/mss_sys_services/mss_comblk.o
 .bss.g_comblk_data_size
                0x000000002000122c        0x4 ./firmware/drivers/mss_sys_services/mss_comblk.o
 .bss.g_comblk_p_response
                0x0000000020001230        0x4 ./firmware/drivers/mss_sys_services/mss_comblk.o
 .bss.g_comblk_response_size
                0x0000000020001234        0x2 ./firmware/drivers/mss_sys_services/mss_comblk.o
 .bss.g_comblk_response_idx
                0x0000000020001236        0x2 ./firmware/drivers/mss_sys_services/mss_comblk.o
 .bss.g_comblk_completion_handler
                0x0000000020001238        0x4 ./firmware/drivers/mss_sys_services/mss_comblk.o
 .bss.g_comblk_page_handler
                0x000000002000123c        0x4 ./firmware/drivers/mss_sys_services/mss_comblk.o
 .bss.g_request_in_progress
                0x0000000020001240        0x1 ./firmware/drivers/mss_sys_services/mss_comblk.o
 .bss.g_comblk_state
                0x0000000020001241        0x1 ./firmware/drivers/mss_sys_services/mss_comblk.o
 *fill*         0x0000000020001242        0x2 
 .bss.g_async_event_handler
                0x0000000020001244        0x4 ./firmware/drivers/mss_sys_services/mss_comblk.o
 .bss.g_transfer
                0x0000000020001248       0x18 ./firmware/drivers/mss_hpdma/mss_hpdma.o
 .bss.g_hpdma_end_desc
                0x0000000020001260        0x4 ./firmware/drivers/mss_hpdma/mss_hpdma.o
 .bss.g_hpdma_current_desc
                0x0000000020001264        0x4 ./firmware/drivers/mss_hpdma/mss_hpdma.o
 *(COMMON)
                0x0000000020001270                . = ALIGN (0x10)
 *fill*         0x0000000020001268        0x8 
                0x0000000020001270                __bss_end__ = .
                0x0000000020001270                _end = .
                0x0000000020001270                __end = _end
                0x0000000020001270                _ebss = .
                [!provide]                        PROVIDE (end = .)

.heap           0x0000000020001270     0xdd90
                0x0000000020001270                __heap_start__ = .
                0x0000000020002270                . = (. + MIN_SIZE_HEAP)
 *fill*         0x0000000020001270     0x1000 
                0x000000002000f000                . = (. + (((ABSOLUTE (RAM_START_ADDRESS) + RAM_SIZE) - MAIN_STACK_SIZE) - .))
 *fill*         0x0000000020002270     0xcd90 
                0x000000002000f000                _eheap = .

.stack          0x000000002000f000     0x1000
                0x000000002000f000                __stack_start__ = .
                0x0000000020010000                . = (. + MAIN_STACK_SIZE)
 *fill*         0x000000002000f000     0x1000 
                0x0000000020010000                _estack = .

.stab
 *(.stab)

.stabstr
 *(.stabstr)

.debug
 *(.debug)

.line
 *(.line)

.debug_srcinfo
 *(.debug_srcinfo)

.debug_sfnames
 *(.debug_sfnames)

.debug_aranges  0x0000000000000000      0x218
 *(.debug_aranges)
 .debug_aranges
                0x0000000000000000       0x90 ./firmware/drivers/mss_sys_services/mss_comblk.o
 .debug_aranges
                0x0000000000000090       0x80 ./firmware/drivers/mss_hpdma/mss_hpdma.o
 .debug_aranges
                0x0000000000000110       0x68 ./firmware/drivers/mss_gpio/mss_gpio.o
 .debug_aranges
                0x0000000000000178       0x20 ./firmware/CMSIS/startup_gcc/startup_m2sxxx.o
 .debug_aranges
                0x0000000000000198       0x50 ./firmware/CMSIS/system_m2sxxx.o
 .debug_aranges
                0x00000000000001e8       0x30 ./main.o

.debug_pubnames
 *(.debug_pubnames)

.debug_info     0x0000000000000000     0x3d9c
 *(.debug_info .gnu.linkonce.wi.*)
 .debug_info    0x0000000000000000      0xb39 ./firmware/drivers/mss_sys_services/mss_comblk.o
 .debug_info    0x0000000000000b39     0x121f ./firmware/drivers/mss_hpdma/mss_hpdma.o
 .debug_info    0x0000000000001d58     0x10ca ./firmware/drivers/mss_gpio/mss_gpio.o
 .debug_info    0x0000000000002e22       0x26 ./firmware/CMSIS/startup_gcc/startup_m2sxxx.o
 .debug_info    0x0000000000002e48      0xb37 ./firmware/CMSIS/system_m2sxxx.o
 .debug_info    0x000000000000397f      0x41d ./main.o

.debug_abbrev   0x0000000000000000      0x954
 *(.debug_abbrev)
 .debug_abbrev  0x0000000000000000      0x211 ./firmware/drivers/mss_sys_services/mss_comblk.o
 .debug_abbrev  0x0000000000000211      0x290 ./firmware/drivers/mss_hpdma/mss_hpdma.o
 .debug_abbrev  0x00000000000004a1      0x1d0 ./firmware/drivers/mss_gpio/mss_gpio.o
 .debug_abbrev  0x0000000000000671       0x14 ./firmware/CMSIS/startup_gcc/startup_m2sxxx.o
 .debug_abbrev  0x0000000000000685      0x19f ./firmware/CMSIS/system_m2sxxx.o
 .debug_abbrev  0x0000000000000824      0x130 ./main.o

.debug_line     0x0000000000000000     0x1ffd
 *(.debug_line)
 .debug_line    0x0000000000000000      0x90d ./firmware/drivers/mss_sys_services/mss_comblk.o
 .debug_line    0x000000000000090d      0x6c5 ./firmware/drivers/mss_hpdma/mss_hpdma.o
 .debug_line    0x0000000000000fd2      0x5ab ./firmware/drivers/mss_gpio/mss_gpio.o
 .debug_line    0x000000000000157d      0x197 ./firmware/CMSIS/startup_gcc/startup_m2sxxx.o
 .debug_line    0x0000000000001714      0x491 ./firmware/CMSIS/system_m2sxxx.o
 .debug_line    0x0000000000001ba5      0x458 ./main.o

.debug_frame    0x0000000000000000      0x790
 *(.debug_frame)
 .debug_frame   0x0000000000000000      0x240 ./firmware/drivers/mss_sys_services/mss_comblk.o
 .debug_frame   0x0000000000000240      0x208 ./firmware/drivers/mss_hpdma/mss_hpdma.o
 .debug_frame   0x0000000000000448      0x198 ./firmware/drivers/mss_gpio/mss_gpio.o
 .debug_frame   0x00000000000005e0      0x10c ./firmware/CMSIS/system_m2sxxx.o
 .debug_frame   0x00000000000006ec       0x78 ./main.o
 .debug_frame   0x0000000000000764       0x2c /home/f4bjh/Microchip/SoftConsole-v2021.3-7.0.0.599/arm-none-eabi-gcc/bin/../lib/gcc/arm-none-eabi/10.3.1/../../../../arm-none-eabi/lib/thumb/v7-m/nofp/libg_nano.a(lib_a-init.o)

.debug_str      0x0000000000000000     0xbf96
 *(.debug_str)
 .debug_str     0x0000000000000000     0x9ea1 ./firmware/drivers/mss_sys_services/mss_comblk.o
                                       0xa0d8 (size before relaxing)
 .debug_str     0x0000000000009ea1      0xe72 ./firmware/drivers/mss_hpdma/mss_hpdma.o
                                       0xa9f2 (size before relaxing)
 .debug_str     0x000000000000ad13      0x9ea ./firmware/drivers/mss_gpio/mss_gpio.o
                                       0xac46 (size before relaxing)
 .debug_str     0x000000000000b6fd       0x3d ./firmware/CMSIS/startup_gcc/startup_m2sxxx.o
                                         0x67 (size before relaxing)
 .debug_str     0x000000000000b73a      0x815 ./firmware/CMSIS/system_m2sxxx.o
                                       0xa0a1 (size before relaxing)
 .debug_str     0x000000000000bf4f       0x47 ./main.o
                                       0x99ea (size before relaxing)

.debug_loc
 *(.debug_loc)

.debug_macinfo
 *(.debug_macinfo)

.debug_weaknames
 *(.debug_weaknames)

.debug_funcnames
 *(.debug_funcnames)

.debug_typenames
 *(.debug_typenames)

.debug_varnames
 *(.debug_varnames)

.note.gnu.arm.ident
 *(.note.gnu.arm.ident)

.ARM.attributes
                0x0000000000000000       0x29
 *(.ARM.attributes)
 .ARM.attributes
                0x0000000000000000       0x1d /home/f4bjh/Microchip/SoftConsole-v2021.3-7.0.0.599/arm-none-eabi-gcc/bin/../lib/gcc/arm-none-eabi/10.3.1/thumb/v7-m/nofp/crti.o
 .ARM.attributes
                0x000000000000001d       0x2d /home/f4bjh/Microchip/SoftConsole-v2021.3-7.0.0.599/arm-none-eabi-gcc/bin/../lib/gcc/arm-none-eabi/10.3.1/thumb/v7-m/nofp/crtbegin.o
 .ARM.attributes
                0x000000000000004a       0x1b /home/f4bjh/Microchip/SoftConsole-v2021.3-7.0.0.599/arm-none-eabi-gcc/bin/../lib/gcc/arm-none-eabi/10.3.1/../../../../arm-none-eabi/lib/thumb/v7-m/nofp/crt0.o
 .ARM.attributes
                0x0000000000000065       0x1b ./firmware/hal/CortexM3/GNU/hal.o
 .ARM.attributes
                0x0000000000000080       0x1b ./firmware/hal/CortexM3/GNU/hw_reg_access.o
 .ARM.attributes
                0x000000000000009b       0x2d ./firmware/hal/CortexM3/cortex_nvic.o
 .ARM.attributes
                0x00000000000000c8       0x2d ./firmware/drivers_config/sys_config/sys_config.o
 .ARM.attributes
                0x00000000000000f5       0x2d ./firmware/drivers/mss_sys_services/mss_comblk.o
 .ARM.attributes
                0x0000000000000122       0x2d ./firmware/drivers/mss_sys_services/mss_sys_services.o
 .ARM.attributes
                0x000000000000014f       0x2d ./firmware/drivers/mss_nvm/mss_nvm.o
 .ARM.attributes
                0x000000000000017c       0x2d ./firmware/drivers/mss_hpdma/mss_hpdma.o
 .ARM.attributes
                0x00000000000001a9       0x2d ./firmware/drivers/mss_gpio/mss_gpio.o
 .ARM.attributes
                0x00000000000001d6       0x2d ./firmware/CMSIS/startup_gcc/newlib_stubs.o
 .ARM.attributes
                0x0000000000000203       0x21 ./firmware/CMSIS/startup_gcc/startup_m2sxxx.o
 .ARM.attributes
                0x0000000000000224       0x2d ./firmware/CMSIS/system_m2sxxx.o
 .ARM.attributes
                0x0000000000000251       0x2d ./main.o
 .ARM.attributes
                0x000000000000027e       0x2d /home/f4bjh/Microchip/SoftConsole-v2021.3-7.0.0.599/arm-none-eabi-gcc/bin/../lib/gcc/arm-none-eabi/10.3.1/../../../../arm-none-eabi/lib/thumb/v7-m/nofp/libg_nano.a(lib_a-errno.o)
 .ARM.attributes
                0x00000000000002ab       0x2d /home/f4bjh/Microchip/SoftConsole-v2021.3-7.0.0.599/arm-none-eabi-gcc/bin/../lib/gcc/arm-none-eabi/10.3.1/../../../../arm-none-eabi/lib/thumb/v7-m/nofp/libg_nano.a(lib_a-exit.o)
 .ARM.attributes
                0x00000000000002d8       0x2d /home/f4bjh/Microchip/SoftConsole-v2021.3-7.0.0.599/arm-none-eabi-gcc/bin/../lib/gcc/arm-none-eabi/10.3.1/../../../../arm-none-eabi/lib/thumb/v7-m/nofp/libg_nano.a(lib_a-impure.o)
 .ARM.attributes
                0x0000000000000305       0x2d /home/f4bjh/Microchip/SoftConsole-v2021.3-7.0.0.599/arm-none-eabi-gcc/bin/../lib/gcc/arm-none-eabi/10.3.1/../../../../arm-none-eabi/lib/thumb/v7-m/nofp/libg_nano.a(lib_a-init.o)
 .ARM.attributes
                0x0000000000000332       0x2d /home/f4bjh/Microchip/SoftConsole-v2021.3-7.0.0.599/arm-none-eabi-gcc/bin/../lib/gcc/arm-none-eabi/10.3.1/../../../../arm-none-eabi/lib/thumb/v7-m/nofp/libg_nano.a(lib_a-memcpy-stub.o)
 .ARM.attributes
                0x000000000000035f       0x2d /home/f4bjh/Microchip/SoftConsole-v2021.3-7.0.0.599/arm-none-eabi-gcc/bin/../lib/gcc/arm-none-eabi/10.3.1/../../../../arm-none-eabi/lib/thumb/v7-m/nofp/libg_nano.a(lib_a-memset.o)
 .ARM.attributes
                0x000000000000038c       0x2d /home/f4bjh/Microchip/SoftConsole-v2021.3-7.0.0.599/arm-none-eabi-gcc/bin/../lib/gcc/arm-none-eabi/10.3.1/thumb/v7-m/nofp/crtend.o
 .ARM.attributes
                0x00000000000003b9       0x1d /home/f4bjh/Microchip/SoftConsole-v2021.3-7.0.0.599/arm-none-eabi-gcc/bin/../lib/gcc/arm-none-eabi/10.3.1/thumb/v7-m/nofp/crtn.o

/DISCARD/
 *(.note.GNU-stack)
 *(.isr_vector)
OUTPUT(test_software.elf elf32-littlearm)
LOAD linker stubs

.debug_ranges   0x0000000000000000      0x210
 .debug_ranges  0x0000000000000000       0xd0 ./firmware/drivers/mss_sys_services/mss_comblk.o
 .debug_ranges  0x00000000000000d0       0x70 ./firmware/drivers/mss_hpdma/mss_hpdma.o
 .debug_ranges  0x0000000000000140       0x58 ./firmware/drivers/mss_gpio/mss_gpio.o
 .debug_ranges  0x0000000000000198       0x58 ./firmware/CMSIS/system_m2sxxx.o
 .debug_ranges  0x00000000000001f0       0x20 ./main.o

.debug_macro    0x0000000000000000      0x874
 .debug_macro   0x0000000000000000      0x168 ./firmware/drivers/mss_sys_services/mss_comblk.o
 .debug_macro   0x0000000000000168      0x151 ./firmware/drivers/mss_hpdma/mss_hpdma.o
 .debug_macro   0x00000000000002b9       0x64 ./firmware/drivers/mss_hpdma/mss_hpdma.o
 .debug_macro   0x000000000000031d       0x94 ./firmware/drivers/mss_hpdma/mss_hpdma.o
 .debug_macro   0x00000000000003b1       0x57 ./firmware/drivers/mss_hpdma/mss_hpdma.o
 .debug_macro   0x0000000000000408       0x10 ./firmware/drivers/mss_hpdma/mss_hpdma.o
 .debug_macro   0x0000000000000418      0x10f ./firmware/drivers/mss_gpio/mss_gpio.o
 .debug_macro   0x0000000000000527      0x11c ./firmware/drivers/mss_gpio/mss_gpio.o
 .debug_macro   0x0000000000000643      0x173 ./firmware/CMSIS/system_m2sxxx.o
 .debug_macro   0x00000000000007b6       0xbe ./main.o

.comment        0x0000000000000000       0x43
 .comment       0x0000000000000000       0x43 ./firmware/drivers/mss_sys_services/mss_comblk.o
                                         0x44 (size before relaxing)
 .comment       0x0000000000000043       0x44 ./firmware/drivers/mss_hpdma/mss_hpdma.o
 .comment       0x0000000000000043       0x44 ./firmware/drivers/mss_gpio/mss_gpio.o
 .comment       0x0000000000000043       0x44 ./firmware/CMSIS/system_m2sxxx.o
 .comment       0x0000000000000043       0x44 ./main.o
